SEGGER J-Link Commander V9.14a (Compiled Jan 28 2026 17:21:14)
DLL version V9.14a, compiled Jan 28 2026 17:20:07


J-Link Command File read successfully.
Processing script file...
J-Link>device STM32H757XI_M7
J-Link connection not established yet but required for command.
Connecting to J-Link via USB...O.K.
Firmware: J-Link V13 compiled Dec 18 2025 15:14:00
Hardware version: V13.00
J-Link uptime (since boot): 0d 00h 50m 19s
S/N: 53000782
License(s): GDB
USB speed mode: High speed (480 MBit/s)
VTref=3.309V
J-Link>si SWD
Selecting SWD as current target interface.
J-Link>speed 4000
Selecting 4000 kHz as target interface speed
J-Link>connect
Device "STM32H757XI_M7" selected.


Connecting to target via SWD
ConfigTargetSettings() start
ConfigTargetSettings() end - Took 10us
InitTarget() start
SWD selected. Executing JTAG -> SWD switching sequence.
DAP initialized successfully.
Enabling debug in 'Standby', 'Stop' & Sleep mode.
InitTarget() end - Took 5.88ms
Found SW-DP with ID 0x6BA02477
DPIDR: 0x6BA02477
CoreSight SoC-400 or earlier
AP map detection skipped. Manually configured AP map found.
AP[0]: AHB-AP (IDR: Not set, ADDR: 0x00000000)
AP[1]: AHB-AP (IDR: Not set, ADDR: 0x00000000)
AP[2]: APB-AP (IDR: Not set, ADDR: 0x00000000)
AP[3]: AHB-AP (IDR: Not set, ADDR: 0x00000000)
AP[0]: Skipped ROMBASE read. CoreBaseAddr manually set by user
AP[0]: Core found
CPUID register: 0x411FC271. Implementer code: 0x41 (ARM)
Cache: L1 I/D-cache present
Found Cortex-M7 r1p1, Little endian.
FPUnit: 8 code (BP) slots and 0 literal slots
ROM table scan skipped. CoreBaseAddr manually set by user: 0xE00FE000
I-Cache L1: 16 KB, 256 Sets, 32 Bytes/Line, 2-Way
D-Cache L1: 16 KB, 128 Sets, 32 Bytes/Line, 4-Way
Memory zones:
  Zone: "Default" Description: Default access mode
Cortex-M7 identified.
J-Link>g

****** Error: CPU is not halted
J-Link>sleep 500
Sleep(500)
J-Link>h
PC = 08002730, CycleCnt = 07AF5AC0
R0 = 3800000C, R1 = 00000004, R2 = 08004114, R3 = 24000428
R4 = 00000000, R5 = 00000000, R6 = 00000000, R7 = 2407FE88
R8 = 00000000, R9 = 00000000, R10= 00000000, R11= 00000000
R12= 24000120
SP(R13)= 2407FE70, MSP= 2407FE70, PSP= 00000000, R14(LR) = 08002643
XPSR = 01000000: APSR = nzcvq, EPSR = 01000000, IPSR = 000 (NoException)
CFBP = 00000000, CONTROL = 00, FAULTMASK = 00, BASEPRI = 00, PRIMASK = 00

FPS0 = 00000000, FPS1 = 00000000, FPS2 = 00000000, FPS3 = 00000000
FPS4 = 00000000, FPS5 = 00000000, FPS6 = 00000000, FPS7 = 00000000
FPS8 = 00000000, FPS9 = 00000000, FPS10= 00000000, FPS11= 00000000
FPS12= 00000000, FPS13= 00000000, FPS14= 00000000, FPS15= FFFFFFFF
FPS16= 00000000, FPS17= 00000000, FPS18= 00000000, FPS19= 00000000
FPS20= 00000000, FPS21= 00000000, FPS22= 00000000, FPS23= 00000000
FPS24= 00000000, FPS25= 00000000, FPS26= 00000000, FPS27= 00000000
FPS28= 00000000, FPS29= 00000000, FPS30= 00000000, FPS31= FFFFFFFF
FPSCR= 00000000
J-Link>regs
PC = 08002730, CycleCnt = 07AF5AC0
R0 = 3800000C, R1 = 00000004, R2 = 08004114, R3 = 24000428
R4 = 00000000, R5 = 00000000, R6 = 00000000, R7 = 2407FE88
R8 = 00000000, R9 = 00000000, R10= 00000000, R11= 00000000
R12= 24000120
SP(R13)= 2407FE70, MSP= 2407FE70, PSP= 00000000, R14(LR) = 08002643
XPSR = 01000000: APSR = nzcvq, EPSR = 01000000, IPSR = 000 (NoException)
CFBP = 00000000, CONTROL = 00, FAULTMASK = 00, BASEPRI = 00, PRIMASK = 00

FPS0 = 00000000, FPS1 = 00000000, FPS2 = 00000000, FPS3 = 00000000
FPS4 = 00000000, FPS5 = 00000000, FPS6 = 00000000, FPS7 = 00000000
FPS8 = 00000000, FPS9 = 00000000, FPS10= 00000000, FPS11= 00000000
FPS12= 00000000, FPS13= 00000000, FPS14= 00000000, FPS15= FFFFFFFF
FPS16= 00000000, FPS17= 00000000, FPS18= 00000000, FPS19= 00000000
FPS20= 00000000, FPS21= 00000000, FPS22= 00000000, FPS23= 00000000
FPS24= 00000000, FPS25= 00000000, FPS26= 00000000, FPS27= 00000000
FPS28= 00000000, FPS29= 00000000, FPS30= 00000000, FPS31= FFFFFFFF
FPSCR= 00000000
J-Link>mem8 0x24000404, 16
24000404 = 53 45 47 47 45 52 20 52 54 54 00 00 00 00 00 00 
24000414 = 01 00 00 00 00 00 
J-Link>g
Memory map 'after startup completion point' is active
J-Link>exit

Script processing completed.

OnDisconnectTarget() start
Resetting used DBGMCU registers.
OnDisconnectTarget() end - Took 3.93ms
